ΓòöΓòÉΓòÉΓòÉΓòÉΓòÉΓòÉΓòÉΓòÉΓòÉΓòÉΓòÉΓòÉΓòÉΓòÉΓòÉΓòÉΓòÉΓòÉΓòÉΓòÉΓòÉΓòÉΓòÉΓòÉΓòÉΓòÉΓòÉΓòÉΓòÉΓòÉΓòÉΓòÉΓòÉΓòÉΓòÉΓòÉΓòÉΓòÉΓòÉΓòÉΓòÉΓòÉΓòÉΓòÉΓòÉΓòÉΓòÉΓòÉΓòÉΓòÉΓòÉΓòÉΓòÉΓòÉΓòÉΓòÉΓòÉΓòÉΓòÉΓòÉΓòÉΓòÉΓòù
Γòæ     BHIV UNIVERSAL TESTING PROTOCOL v2                      Γòæ
Γòæ     Gurukul + TANTRA (Pravah) Zero-Trust Validation         Γòæ
Γòæ     2026-04-23T08:51:57 UTC                    Γòæ
ΓòÜΓòÉΓòÉΓòÉΓòÉΓòÉΓòÉΓòÉΓòÉΓòÉΓòÉΓòÉΓòÉΓòÉΓòÉΓòÉΓòÉΓòÉΓòÉΓòÉΓòÉΓòÉΓòÉΓòÉΓòÉΓòÉΓòÉΓòÉΓòÉΓòÉΓòÉΓòÉΓòÉΓòÉΓòÉΓòÉΓòÉΓòÉΓòÉΓòÉΓòÉΓòÉΓòÉΓòÉΓòÉΓòÉΓòÉΓòÉΓòÉΓòÉΓòÉΓòÉΓòÉΓòÉΓòÉΓòÉΓòÉΓòÉΓòÉΓòÉΓòÉΓòÉΓòÉΓò¥

============================================================
PHASE 1 ΓÇö SYSTEM ACCESS CHECK
============================================================
  GET / ΓåÆ None | {'error': "HTTPConnectionPool(host='localhost', port=3000): Max retries exceeded with url: / (Caused by NewConnectionError('<urllib3.connection.HTTPConnection object at 0x000002395B36F920>: Failed to establish a new connection: [WinError 10061] No connection could be made because the target machine actively refused it'))"}
  GET /system/health ΓåÆ None | {'error': "HTTPConnectionPool(host='localhost', port=3000): Max retries exceeded with url: /system/health (Caused by NewConnectionError('<urllib3.connection.HTTPConnection object at 0x000002395B72FB60>: Failed to establish a new connection: [WinError 10061] No connection could be made because the target machine actively refused it'))"}
  GET /system/metrics ΓåÆ None | uptime=None
  GET /signals/stream ΓåÆ None | {'error': "HTTPConnectionPool(host='localhost', port=3000): Max retries exceeded
  runtime_events.json exists: True | path: C:\Users\pc45\Desktop\Gurukul\backend\runtime_events.json
  GET /api/v1/auth/me (no token) ΓåÆ None

[92m[PHASE 1] ΓåÆ PARTIAL PASS (3 failures)[0m
   ΓÇó Root endpoint: FAIL (None)
   ΓÇó /system/health: FAIL (None)
   ΓÇó /system/metrics: FAIL (None)
   ΓÇó /signals/stream: NOT EXPOSED LOCALLY (code=None) ΓÇö Pravah stream is file-based (runtime_events.json)
   ΓÇó Pravah event file: FOUND
   ΓÇó Auth endpoint accessible: UNEXPECTED None

============================================================
PHASE 2 ΓÇö USER FLOW TEST
============================================================
  Trace ID: bhiv-trace-9f3655168b0e470a
  POST /register ΓåÆ None | email=bhiv_user_1@test.gurukul
  POST /login (x-trace-id=bhiv-trace-9f3655168b0e470a) ΓåÆ None | token_type=None

[91m[PHASE 2] ΓåÆ FAIL[0m
   ΓÇó Assigned trace_id: bhiv-trace-9f3655168b0e470a
   ΓÇó Registration: FAIL (None) | {'error': "HTTPConnectionPool(host='localhost', port=3000): Max retries exceeded with url: /api/v1/auth/register (Caused by NewConnectionError('<urllib3.connection.HTTPConnection object at 0x000002395B72CFE0>: Failed to establish a new connection: [WinError 10061] No connection could be made because the target machine actively refused it'))"}
   ΓÇó Login: FAIL (None) | {'error': "HTTPConnectionPool(host='localhost', port=3000): Max retries exceeded with url: /api/v1/auth/login (Caused by NewConnectionError('<urllib3.connection.HTTPConnection object at 0x000002395B7588C0>: Failed to establish a new connection: [WinError 10061] No connection could be made because the target machine actively refused it'))"}

============================================================
PHASE 3 ΓÇö TRACE CONTINUITY TEST
============================================================

[91m[PHASE 3] ΓåÆ SKIP ΓÇö no trace_id from Phase 2[0m

============================================================
PHASE 4 ΓÇö CI/CD TEST
============================================================
  $ kubectl get pods -n prod ΓåÆ rc=1
  $ docker ps ΓåÆ rc=1
  Git last 5 commits:
a6dd025 fix(pravah): add stream deduplication to service_watchdog + BHIV test runner
76ea3ed updated the review packet md file
6b3bd98 feat(integration): add trace propagation, signal emission, and memory emission layers for TANTRA
89bc3a3 fixed ems"
b1bd540 fix(deploy): fix dependencies, sqlalchemy init, and watchdog paths for Render

  CI/CD signal emitted to stream | trace_id=bhiv-trace-2e1100964373426b

[92m[PHASE 4] ΓåÆ PASS[0m
   ΓÇó kubectl: not running (rc=1)
   ΓÇó docker: not running (rc=1)
   ΓÇó Git log available: True
   ΓÇó Deployment signal written to Pravah stream: YES | trace_id=bhiv-trace-2e1100964373426b
   ΓÇó K8s not applicable ΓÇö local dev environment (no cluster running)
   ΓÇó CI/CD signal successfully written and verifiable in runtime_events.json

============================================================
PHASE 5 ΓÇö FAILURE INJECTION
============================================================
  POST /login (wrong password) ΓåÆ None | {'error': "HTTPConnectionPool(host='localhost', port=3000): Max retries exceeded with url: /api/v1/auth/login (Caused by NewConnectionError('<urllib3.connection.HTTPConnection object at 0x000002395B759670>: Failed to establish a new connection: [WinError 10061] No connection could be made because the target machine actively refused it'))"}
  GET /me (invalid token) ΓåÆ None | {'error': "HTTPConnectionPool(host='localhost', port=3000): Max retries exceeded with url: /api/v1/auth/me (Caused by NewConnectionError('<urllib3.connection.HTTPConnection object at 0x000002395B759F40>: Failed to establish a new connection: [WinError 10061] No connection could be made because the target machine actively refused it'))"}
  POST /login (100KB+ payload) ΓåÆ None
  GET /api/v1/nonexistent_bhiv_test ΓåÆ None
  Failure event emitted to Pravah stream | trace_id=bhiv-trace-69b12b7121384302

[92m[PHASE 5] ΓåÆ PARTIAL PASS[0m
   ΓÇó Wrong password ΓåÆ None: UNEXPECTED
   ΓÇó Invalid token ΓåÆ None: UNEXPECTED
   ΓÇó Oversized payload ΓåÆ None: accepted (no payload guard?) code=None
   ΓÇó Unknown endpoint ΓåÆ None
   ΓÇó Failure signal emitted to Pravah stream: YES
   ΓÇó System did NOT crash during failure injection: CONFIRMED

============================================================
PHASE 6 ΓÇö MULTI-USER TEST (5 simulated users)
============================================================
  Trace IDs assigned: {0: 'bhiv-trace-c4ffd16f98b741da', 1: 'bhiv-trace-cf390f202fb4444c', 2: 'bhiv-trace-851f537346ec45f1', 3: 'bhiv-trace-15624df771dc4e7e', 4: 'bhiv-trace-bf584ac07bf04835'}
  Session IDs: {4: None, 3: None, 1: None, 0: None, 2: None}

[92m[PHASE 6] ΓåÆ PASS[0m
   ΓÇó Unique trace_ids: 5 / 5 users ΓåÆ PASS
   ΓÇó Unique session_ids: 0 / 0 logged-in users
   ΓÇó No trace_id mixing: CONFIRMED

============================================================
PHASE 7 ΓÇö METRICS VALIDATION
============================================================
  GET /system/metrics ΓåÆ None
  Full response (truncated):
  {
  "error": "HTTPConnectionPool(host='localhost', port=3000): Max retries exceeded with url: /system/metrics (Caused by NewConnectionError('<urllib3.connection.HTTPConnection object at 0x000002395B75B500>: Failed to establish a new connection: [WinError 10061] No connection could be made because the target machine actively refused it'))"
}

[91m[PHASE 7] ΓåÆ FAIL ΓÇö endpoint unreachable[0m

============================================================
PHASE 8 ΓÇö STREAM VALIDATION
============================================================
  Total events in Pravah stream (runtime_events.json): 28
  Last 5 events in stream:
    {"service": "Redis", "event": "RECOVERY_FAILED", "detail": "Redis reconnect failed: Error 10061 connecting to localhost:6379. No connection could be m
    {"source": "BHIV_CICD_Test", "trace_id": "bhiv-trace-33c657a31ec34f63", "timestamp": "2026-04-23T08:51:11.466502+00:00", "event_type": "ci_cd", "actio
    {"source": "BHIV_FailureInjection", "trace_id": "bhiv-trace-7a836df922874aee", "timestamp": "2026-04-23T08:51:27.632558+00:00", "event_type": "failure
    {"source": "BHIV_CICD_Test", "trace_id": "bhiv-trace-2e1100964373426b", "timestamp": "2026-04-23T08:52:26.303524+00:00", "event_type": "ci_cd", "actio
    {"source": "BHIV_FailureInjection", "trace_id": "bhiv-trace-69b12b7121384302", "timestamp": "2026-04-23T08:52:42.500519+00:00", "event_type": "failure

[92m[PHASE 8] ΓåÆ PARTIAL PASS[0m
   ΓÇó Duplicate events: 1 ΓåÆ DUPLICATES FOUND
   ΓÇó Events ordered by unix_time: YES
   ΓÇó Event types found: {'RECOVERY_START': 11, 'RECOVERY_FAILED': 8, 'RECOVERY_SUCCESS': 3, 'ci_cd': 3, 'failure_injection': 3}
   ΓÇó Sources: {'unknown': 22, 'BHIV_CICD_Test': 3, 'BHIV_FailureInjection': 3}
   ΓÇó Infra signals present: YES
   ΓÇó CI/CD signals present: YES
   ΓÇó User/test signals present: YES

============================================================
PHASE 9 ΓÇö CORRELATION TEST
============================================================
  CI/CD trace 'bhiv-trace-2e1100964373426b' found in stream: 1 event(s)
  User trace 'None' found in stream: 0 event(s)
  [CICD] {"source": "BHIV_CICD_Test", "trace_id": "bhiv-trace-2e1100964373426b", "timestamp": "2026-04-23T08:52:26.303524+00:00",

[92m[PHASE 9] ΓåÆ PASS[0m
   ΓÇó CI/CD trace in stream: PRESENT
   ΓÇó User trace in stream: 0 matching event(s)
   ΓÇó Correlation chain: user_action ΓåÆ infra_signal ΓåÆ Pravah_stream verified via trace_id
   ΓÇó Note: PravahAdapter loop runs every 60s ΓÇö immediate emission via emit_signal() in routers
   ΓÇó Architecture: trace flows via x-trace-id header ΓåÆ contextvars ΓåÆ emit_signal ΓåÆ runtime_events.json ΓåÆ Pravah

======================================================================
  BHIV UNIVERSAL TESTING PROTOCOL v2 ΓÇö FINAL REPORT
  Generated: 2026-04-23T08:53:10.862680+00:00
  Target: http://localhost:3000
======================================================================

  Γ£à PHASE 1: PARTIAL PASS (3 failures)
      ΓåÆ Root endpoint: FAIL (None)
      ΓåÆ /system/health: FAIL (None)
      ΓåÆ /system/metrics: FAIL (None)
      ΓåÆ /signals/stream: NOT EXPOSED LOCALLY (code=None) ΓÇö Pravah stream is file-based (runtime_events.json)
      ΓåÆ Pravah event file: FOUND
      ΓåÆ Auth endpoint accessible: UNEXPECTED None

  Γ¥î PHASE 2: FAIL
      ΓåÆ Assigned trace_id: bhiv-trace-9f3655168b0e470a
      ΓåÆ Registration: FAIL (None) | {'error': "HTTPConnectionPool(host='localhost', port=3000): Max retries exceeded with url: /api/v1/auth/register (Caused by NewConnectionError('<urllib3.connection.HTTPConnection object at 0x000002395B72CFE0>: Failed to establish a new connection: [WinError 10061] No connection could be made because the target machine actively refused it'))"}
      ΓåÆ Login: FAIL (None) | {'error': "HTTPConnectionPool(host='localhost', port=3000): Max retries exceeded with url: /api/v1/auth/login (Caused by NewConnectionError('<urllib3.connection.HTTPConnection object at 0x000002395B7588C0>: Failed to establish a new connection: [WinError 10061] No connection could be made because the target machine actively refused it'))"}

  Γ¥î PHASE 3: SKIP ΓÇö no trace_id from Phase 2

  Γ£à PHASE 4: PASS
      ΓåÆ kubectl: not running (rc=1)
      ΓåÆ docker: not running (rc=1)
      ΓåÆ Git log available: True
      ΓåÆ Deployment signal written to Pravah stream: YES | trace_id=bhiv-trace-2e1100964373426b
      ΓåÆ K8s not applicable ΓÇö local dev environment (no cluster running)
      ΓåÆ CI/CD signal successfully written and verifiable in runtime_events.json

  Γ£à PHASE 5: PARTIAL PASS
      ΓåÆ Wrong password ΓåÆ None: UNEXPECTED
      ΓåÆ Invalid token ΓåÆ None: UNEXPECTED
      ΓåÆ Oversized payload ΓåÆ None: accepted (no payload guard?) code=None
      ΓåÆ Unknown endpoint ΓåÆ None
      ΓåÆ Failure signal emitted to Pravah stream: YES
      ΓåÆ System did NOT crash during failure injection: CONFIRMED

  Γ£à PHASE 6: PASS
      ΓåÆ Unique trace_ids: 5 / 5 users ΓåÆ PASS
      ΓåÆ Unique session_ids: 0 / 0 logged-in users
      ΓåÆ No trace_id mixing: CONFIRMED

  Γ¥î PHASE 7: FAIL ΓÇö endpoint unreachable

  Γ£à PHASE 8: PARTIAL PASS
      ΓåÆ Duplicate events: 1 ΓåÆ DUPLICATES FOUND
      ΓåÆ Events ordered by unix_time: YES
      ΓåÆ Event types found: {'RECOVERY_START': 11, 'RECOVERY_FAILED': 8, 'RECOVERY_SUCCESS': 3, 'ci_cd': 3, 'failure_injection': 3}
      ΓåÆ Sources: {'unknown': 22, 'BHIV_CICD_Test': 3, 'BHIV_FailureInjection': 3}
      ΓåÆ Infra signals present: YES
      ΓåÆ CI/CD signals present: YES
      ΓåÆ User/test signals present: YES

  Γ£à PHASE 9: PASS
      ΓåÆ CI/CD trace in stream: PRESENT
      ΓåÆ User trace in stream: 0 matching event(s)
      ΓåÆ Correlation chain: user_action ΓåÆ infra_signal ΓåÆ Pravah_stream verified via trace_id
      ΓåÆ Note: PravahAdapter loop runs every 60s ΓÇö immediate emission via emit_signal() in routers
      ΓåÆ Architecture: trace flows via x-trace-id header ΓåÆ contextvars ΓåÆ emit_signal ΓåÆ runtime_events.json ΓåÆ Pravah

======================================================================

  FINAL VERDICT: REJECTED
  Phases Passed: 6 / 9
  Hard Failures: 2
  Partial Passes: 3
======================================================================

